<?xml version="1.0" encoding="UTF-8"?>
<testsuites name="jest tests" tests="46" failures="0" errors="0" time="46.14">
  <testsuite name="Search API: Validate autocomplete" errors="0" failures="0" skipped="0" timestamp="2021-03-15T13:28:41" time="0.645" tests="1">
    <testcase classname="Search API: Validate autocomplete [P3][Sev3][search][PLACEHOLDER] This test not yet implemented." name="Search API: Validate autocomplete [P3][Sev3][search][PLACEHOLDER] This test not yet implemented." time="0.001">
    </testcase>
  </testsuite>
  <testsuite name="Search API: Verify access:" errors="0" failures="0" skipped="0" timestamp="2021-03-15T13:28:41" time="4.864" tests="3">
    <testcase classname="Search API: Verify access: [P1][Sev1][search] should get 401 if authorization header is not present." name="Search API: Verify access: [P1][Sev1][search] should get 401 if authorization header is not present." time="0.164">
    </testcase>
    <testcase classname="Search API: Verify access: [P1][Sev1][search] should get 401 if authorization header is incorrect." name="Search API: Verify access: [P1][Sev1][search] should get 401 if authorization header is incorrect." time="0.148">
    </testcase>
    <testcase classname="Search API: Verify access: [P1][Sev1][search] should return results when searching for kind:pod." name="Search API: Verify access: [P1][Sev1][search] should return results when searching for kind:pod." time="0.95">
    </testcase>
  </testsuite>
  <testsuite name="RHACM4K-1695: Search - verify managed cluster info in the search page" errors="0" failures="0" skipped="0" timestamp="2021-03-15T13:28:41" time="44.482" tests="42">
    <testcase classname="RHACM4K-1695: Search - verify managed cluster info in the search page Search - verify managed cluster info in the search page." name="RHACM4K-1695: Search - verify managed cluster info in the search page Search - verify managed cluster info in the search page." time="1.416">
    </testcase>
    <testcase classname="RHACM4K-1696: Search - Verify search result with common filter and conditions Verify a deleted pod is recreated." name="RHACM4K-1696: Search - Verify search result with common filter and conditions Verify a deleted pod is recreated." time="28.119">
    </testcase>
    <testcase classname="RHACM4K-1696: Search - Verify search result with common filter and conditions Search kind application on specific namespace." name="RHACM4K-1696: Search - Verify search result with common filter and conditions Search kind application on specific namespace." time="0.167">
    </testcase>
    <testcase classname="RHACM4K-1696: Search - Verify search result with common filter and conditions Search kind pod and namespace open-cluster-management." name="RHACM4K-1696: Search - Verify search result with common filter and conditions Search kind pod and namespace open-cluster-management." time="0.214">
    </testcase>
    <testcase classname="RHACM4K-1696: Search - Verify search result with common filter and conditions Search kind pod on specific cluster." name="RHACM4K-1696: Search - Verify search result with common filter and conditions Search kind pod on specific cluster." time="0.275">
    </testcase>
    <testcase classname="RHACM4K-1696: Search - Verify search result with common filter and conditions Search kind:certpolicycontroller." name="RHACM4K-1696: Search - Verify search result with common filter and conditions Search kind:certpolicycontroller." time="0.155">
    </testcase>
    <testcase classname="RHACM4K-1696: Search - Verify search result with common filter and conditions Search kind:iampolicycontroller." name="RHACM4K-1696: Search - Verify search result with common filter and conditions Search kind:iampolicycontroller." time="0.157">
    </testcase>
    <testcase classname="RHACM4K-1709: Search - Search using filters should filter by created" name="RHACM4K-1709: Search - Search using filters should filter by created" time="0.283">
    </testcase>
    <testcase classname="RHACM4K-1709: Search - Search using filters should filter by apigroup" name="RHACM4K-1709: Search - Search using filters should filter by apigroup" time="0.242">
    </testcase>
    <testcase classname="RHACM4K-1709: Search - Search using filters should filter by desired" name="RHACM4K-1709: Search - Search using filters should filter by desired" time="0.163">
    </testcase>
    <testcase classname="RHACM4K-1709: Search - Search using filters should filter by current" name="RHACM4K-1709: Search - Search using filters should filter by current" time="0.159">
    </testcase>
    <testcase classname="RHACM4K-1709: Search - Search using filters should filter by ready" name="RHACM4K-1709: Search - Search using filters should filter by ready" time="0.156">
    </testcase>
    <testcase classname="RHACM4K-1709: Search - Search using filters should filter by available" name="RHACM4K-1709: Search - Search using filters should filter by available" time="0.158">
    </testcase>
    <testcase classname="RHACM4K-1709: Search - Search using filters should filter by restarts" name="RHACM4K-1709: Search - Search using filters should filter by restarts" time="0.279">
    </testcase>
    <testcase classname="RHACM4K-1709: Search - Search using filters should filter by parallelism" name="RHACM4K-1709: Search - Search using filters should filter by parallelism" time="0.167">
    </testcase>
    <testcase classname="RHACM4K-1709: Search - Search using filters should filter by completions" name="RHACM4K-1709: Search - Search using filters should filter by completions" time="0.151">
    </testcase>
    <testcase classname="RHACM4K-1709: Search - Search using filters should filter by successful" name="RHACM4K-1709: Search - Search using filters should filter by successful" time="0.16">
    </testcase>
    <testcase classname="RHACM4K-1709: Search - Search using filters should filter by updated" name="RHACM4K-1709: Search - Search using filters should filter by updated" time="0.157">
    </testcase>
    <testcase classname="RHACM4K-1709: Search - Search using filters should filter by cpu" name="RHACM4K-1709: Search - Search using filters should filter by cpu" time="0.16">
    </testcase>
    <testcase classname="RHACM4K-1709: Search - Search using filters should filter by active" name="RHACM4K-1709: Search - Search using filters should filter by active" time="0.155">
    </testcase>
    <testcase classname="RHACM4K-1709: Search - Search using filters should filter by nodes" name="RHACM4K-1709: Search - Search using filters should filter by nodes" time="0.159">
    </testcase>
    <testcase classname="RHACM4K-1709: Search - Search using filters should filter by apiversion" name="RHACM4K-1709: Search - Search using filters should filter by apiversion" time="0.29">
    </testcase>
    <testcase classname="RHACM4K-1709: Search - Search using filters should filter by container" name="RHACM4K-1709: Search - Search using filters should filter by container" time="0.162">
    </testcase>
    <testcase classname="RHACM4K-1709: Search - Search using filters should filter by podIP" name="RHACM4K-1709: Search - Search using filters should filter by podIP" time="0.159">
    </testcase>
    <testcase classname="RHACM4K-1709: Search - Search using filters should filter by hostIP" name="RHACM4K-1709: Search - Search using filters should filter by hostIP" time="0.158">
    </testcase>
    <testcase classname="RHACM4K-1709: Search - Search using filters should filter by kubernetesVersion" name="RHACM4K-1709: Search - Search using filters should filter by kubernetesVersion" time="0.156">
    </testcase>
    <testcase classname="RHACM4K-1709: Search - Search using filters should filter by memory" name="RHACM4K-1709: Search - Search using filters should filter by memory" time="0.16">
    </testcase>
    <testcase classname="RHACM4K-1709: Search - Search using filters should filter by startedAt" name="RHACM4K-1709: Search - Search using filters should filter by startedAt" time="0.272">
    </testcase>
    <testcase classname="RHACM4K-1709: Search - Search using filters should filter by cluster" name="RHACM4K-1709: Search - Search using filters should filter by cluster" time="0.267">
    </testcase>
    <testcase classname="RHACM4K-1709: Search - Search using filters should filter by port" name="RHACM4K-1709: Search - Search using filters should filter by port" time="0.157">
    </testcase>
    <testcase classname="RHACM4K-1709: Search - Search using filters should filter by type" name="RHACM4K-1709: Search - Search using filters should filter by type" time="0.212">
    </testcase>
    <testcase classname="RHACM4K-1709: Search - Search using filters should filter by capacity" name="RHACM4K-1709: Search - Search using filters should filter by capacity" time="0.159">
    </testcase>
    <testcase classname="RHACM4K-1709: Search - Search using filters should filter by clusterIP" name="RHACM4K-1709: Search - Search using filters should filter by clusterIP" time="0.155">
    </testcase>
    <testcase classname="RHACM4K-1709: Search - Search using filters should filter by lastSchedule" name="RHACM4K-1709: Search - Search using filters should filter by lastSchedule" time="0.151">
    </testcase>
    <testcase classname="RHACM4K-1709: Search - Search using filters should filter by suspend" name="RHACM4K-1709: Search - Search using filters should filter by suspend" time="0.152">
    </testcase>
    <testcase classname="RHACM4K-1709: Search - Search using filters should filter by request" name="RHACM4K-1709: Search - Search using filters should filter by request" time="0.154">
    </testcase>
    <testcase classname="RHACM4K-1709: Search - Search using filters should filter by volumeName" name="RHACM4K-1709: Search - Search using filters should filter by volumeName" time="0.16">
    </testcase>
    <testcase classname="RHACM4K-1709: Search - Search using filters should filter by architecture" name="RHACM4K-1709: Search - Search using filters should filter by architecture" time="0.157">
    </testcase>
    <testcase classname="RHACM4K-1709: Search - Search using filters should filter by osImage" name="RHACM4K-1709: Search - Search using filters should filter by osImage" time="0.157">
    </testcase>
    <testcase classname="RHACM4K-1709: Search - Search using filters should filter by claimRef" name="RHACM4K-1709: Search - Search using filters should filter by claimRef" time="0.155">
    </testcase>
    <testcase classname="RHACM4K-1709: Search - Search using filters should filter by reclaimPolicy" name="RHACM4K-1709: Search - Search using filters should filter by reclaimPolicy" time="0.153">
    </testcase>
    <testcase classname="RHACM4K-1709: Search - Search using filters should filter by consoleURL" name="RHACM4K-1709: Search - Search using filters should filter by consoleURL" time="0.149">
    </testcase>
  </testsuite>
</testsuites>